Resolving dependencies...
Downloading packages...
  app_links 6.4.1 (7.0.0 available)
  characters 1.4.0 (1.4.1 available)
  dart_jsonwebtoken 3.3.2 (3.4.0 available)
  gotrue 2.18.0 (2.19.0 available)
  matcher 0.12.17 (0.12.19 available)
  material_color_utilities 0.11.1 (0.13.0 available)
  meta 1.17.0 (1.18.2 available)
  mobile_scanner 5.2.3 (7.2.0 available)
  native_toolchain_c 0.17.5 (0.17.6 available)
  realtime_client 2.7.0 (2.7.1 available)
  storage_client 2.4.1 (2.5.0 available)
  supabase 2.10.2 (2.10.3 available)
  supabase_flutter 2.12.0 (2.12.1 available)
  test_api 0.7.7 (0.7.11 available)
  vector_math 2.2.0 (2.3.0 available)
  win32 5.15.0 (6.0.0 available)
  win32_registry 2.1.0 (3.0.2 available)
Got dependencies!
17 packages have newer versions incompatible with dependency constraints.
Try `flutter pub outdated` for more information.
Running Gradle task 'assembleDebug'...                          
flutter : e: file:///C:
/Users/babba/Downloads/
flutter_windows_3.38.7-
stable/flutter/packages
/flutter_tools/gradle/s
rc/main/kotlin/FlutterP
lugin.kt:744:21 
Unresolved reference: 
filePermissions
At line:1 char:1
+ flutter build apk 
--debug > 
build_output.txt 2>&1
+ ~~~~~~~~~~~~~~~~~~~~~
~~~~~~~~~~~~~~~~~~~~~~~
~~~~~
    + CategoryInfo     
         : NotSpecifi  
  ed: (e: file:///C:   
 /U...filePermissio    
ns:String) [], Rem    
oteException
    + FullyQualifiedEr 
   rorId : NativeComm  
  andError
 
e: file:///C:/Users/bab
ba/Downloads/flutter_wi
ndows_3.38.7-stable/flu
tter/packages/flutter_t
ools/gradle/src/main/ko
tlin/FlutterPlugin.kt:7
45:25 Unresolved 
reference: user
e: file:///C:/Users/bab
ba/Downloads/flutter_wi
ndows_3.38.7-stable/flu
tter/packages/flutter_t
ools/gradle/src/main/ko
tlin/FlutterPlugin.kt:7
46:29 Unresolved 
reference: read
e: file:///C:/Users/bab
ba/Downloads/flutter_wi
ndows_3.38.7-stable/flu
tter/packages/flutter_t
ools/gradle/src/main/ko
tlin/FlutterPlugin.kt:7
47:29 Unresolved 
reference: write

FAILURE: Build failed 
with an exception.

* What went wrong:
Execution failed for 
task ':gradle:compileKo
tlin'.
> A failure occurred 
while executing org.jet
brains.kotlin.compilerR
unner.GradleCompilerRun
nerWithWorkers$GradleKo
tlinCompilerWorkAction
   > Compilation 
error. See log for 
more details

* Try:
> Run with 
--stacktrace option to 
get the stack trace.
> Run with --info or 
--debug option to get 
more log output.
> Run with --scan to 
get full insights.

* Get more help at 
https://help.gradle.org

BUILD FAILED in 6s
Running Gradle task 'assembleDebug'...                              7.5s
Gradle task 
assembleDebug failed 
with exit code 1
